[dotenv@17.3.1] injecting env (0) from .env -- tip: ΓÜÖ∩╕Å  specify custom .env file path with { path: '/custom/path/.env' }
[dotenv@17.3.1] injecting env (19) from backend\.env -- tip: ΓÜÖ∩╕Å  load multiple .env files with { path: ['.env.local', '.env'] }
[dotenv@17.3.1] injecting env (0) from backend\.env -- tip: ≡ƒöÉ prevent committing .env to code: https://dotenvx.com/precommit
Testing with real CV text (8206 chars)...
[Ollama] Timeout set to: 600000ms
[Ollama] Extracting CV...
[Ollama] Received response (2260 chars)
node.exe : [Ollama] Validation failed for JSON: {
At line:1 char:1
+ & "C:\Program Files\nodejs/node.exe" "C:\Program Files\nodejs/node_mo ...
+ ~~~~~~~~~~~~~~~~~~~~~~~~~~~~~~~~~~~~~~~~~~~~~~~~~~~~~~~~~~~~~~~~~~~~~
    + CategoryInfo          : NotSpecified: ([Ollama] Validation failed for JSON: {:Str 
   ing) [], RemoteException
    + FullyQualifiedErrorId : NativeCommandError
 
  "skills": [
    {
      "@type": "String",
      "value": "Java"
    },
    {
      "@type": "String",
      "value": "Python"
    },
    {
      "@type": "String",
      "value": "C#"
    },
    {
      "@type": "String",
      "value": "Go"
    },
    {
      "@type": "String",
      "value": "Rust"
    },
    {
      "@type": "String",
      "value": "JavaScript"
    },
    {
      "@type": "String",
      "value": "C/C++"
    },
    {
      "@type": "String",
      "value": "Haskell"
    },
    {
      "@type": "String",
      "value": "Ruby on Rails"
    },
    {
      "@type": "String",
      "value": "Node.js"
    },
    {
      "@type": "String",
      "value": "C/C++"
    },
    {
      "@type": "String",
      "value": "Rust"
    },
    {
      "@type": "String",
      "value": "Go"
    },
    {
      "@type": "String",
      "value": "Java"
    },
    {
      "@type": "String",
      "value": "Python"
    },
    {
      "@type": "String",
      "value": "C#"
    },
    {
      "@type": "String",
      "value": "Go"
    },
    {
      "@type": "String",
      "value": "Rust"
    },
    {
      "@type": "String",
      "value": "JavaScript"
    },
    {
      "@type": "String",
      "value": "C/C++"
    },
    {
      "@type": "String",
      "value": "Haskell"
    },
    {
      "@type": "String",
      "value": "Ruby on Rails"
    },
    {
      "@type": "String",
      "value": "Node.js"
    }
  ],
  "summary": "Full Stack Software Engineer with expertise in QA/Testing, AI-Driven 
Testing, Cloud-Native Development, and DevOps. Proficient in Python, Java, C#, Go, 
Rust, JavaScript, and cloud technologies.",
  "rolePrimary": "QA/Testing Lead",
  "coreCompetencies": [
    {
      "@type": "String",
      "value": "Cloud-Native Development"
    },
    {
      "@type": "String",
      "value": "AI-Driven Testing"
    },
    {
      "@type": "String",
      "value": "QA/Testing"
    },
    {
      "@type": "String",
      "value": "DevOps"
    }
  ],
  "education": [
    {
      "@type": "String",
      "value": "Master's in Software Engineering, George Washington University (2022)"
    },
    {
      "@type": "String",
      "value": "Bachelor of Science in Computer Science,imony (2019)"
    }
  ]
}
[Ollama] Errors: {
  _errors: [],
  skills: {
    '0': { _errors: [Array] },
Result: null
    '1': { _errors: [Array] },
    '2': { _errors: [Array] },
    '3': { _errors: [Array] },
    '4': { _errors: [Array] },
    '5': { _errors: [Array] },
    '6': { _errors: [Array] },
    '7': { _errors: [Array] },
    '8': { _errors: [Array] },
    '9': { _errors: [Array] },
    '10': { _errors: [Array] },
    '11': { _errors: [Array] },
    '12': { _errors: [Array] },
    '13': { _errors: [Array] },
    '14': { _errors: [Array] },
    '15': { _errors: [Array] },
    '16': { _errors: [Array] },
    '17': { _errors: [Array] },
    '18': { _errors: [Array] },
    '19': { _errors: [Array] },
    '20': { _errors: [Array] },
    '21': { _errors: [Array] },
    '22': { _errors: [Array] },
    _errors: []
  }
}
